2026-07-27 03:23:41.100+03:00 WARN  [max-long-polling] c.e.supportbot.max.MaxApiClient - Failed to fetch MAX updates: request timed out
2026-07-27 07:36:53.889+03:00 WARN  [max-long-polling] c.e.supportbot.max.MaxApiClient - Failed to fetch MAX updates: request timed out
2026-07-27 08:36:09.718+03:00 WARN  [max-long-polling] c.e.supportbot.max.MaxApiClient - Failed to fetch MAX updates: Connection reset
2026-07-27 08:36:10.322+03:00 WARN  [max-long-polling] c.e.supportbot.max.MaxApiClient - Failed to fetch MAX updates: null
2026-07-27 08:36:10.731+03:00 WARN  [max-long-polling] c.e.supportbot.max.MaxApiClient - Failed to fetch MAX updates: null
2026-07-27 08:36:11.042+03:00 WARN  [max-long-polling] c.e.supportbot.max.MaxApiClient - Failed to fetch MAX updates: null
2026-07-27 08:36:11.350+03:00 WARN  [max-long-polling] c.e.supportbot.max.MaxApiClient - Failed to fetch MAX updates: null
2026-07-27 08:36:11.662+03:00 WARN  [max-long-polling] c.e.supportbot.max.MaxApiClient - Failed to fetch MAX updates: null
2026-07-27 08:36:11.970+03:00 WARN  [max-long-polling] c.e.supportbot.max.MaxApiClient - Failed to fetch MAX updates: null
2026-07-27 08:36:12.290+03:00 WARN  [max-long-polling] c.e.supportbot.max.MaxApiClient - Failed to fetch MAX updates: null
2026-07-27 08:36:12.594+03:00 WARN  [max-long-polling] c.e.supportbot.max.MaxApiClient - Failed to fetch MAX updates: null
2026-07-27 08:36:12.906+03:00 WARN  [max-long-polling] c.e.supportbot.max.MaxApiClient - Failed to fetch MAX updates: null
2026-07-27 08:36:13.219+03:00 WARN  [max-long-polling] c.e.supportbot.max.MaxApiClient - Failed to fetch MAX updates: null
2026-07-27 08:36:13.530+03:00 WARN  [max-long-polling] c.e.supportbot.max.MaxApiClient - Failed to fetch MAX updates: null
2026-07-27 08:36:13.840+03:00 WARN  [max-long-polling] c.e.supportbot.max.MaxApiClient - Failed to fetch MAX updates: null
2026-07-27 08:36:14.150+03:00 WARN  [max-long-polling] c.e.supportbot.max.MaxApiClient - Failed to fetch MAX updates: null
2026-07-27 08:36:14.462+03:00 WARN  [max-long-polling] c.e.supportbot.max.MaxApiClient - Failed to fetch MAX updates: null
2026-07-27 08:36:14.772+03:00 WARN  [max-long-polling] c.e.supportbot.max.MaxApiClient - Failed to fetch MAX updates: null
2026-07-27 08:37:16.817+03:00 INFO  [scheduling-1] c.e.s.service.MaintenanceTasks - Auto-close default config selected: source=auto_close_config.active_template, templateId=auto-u97pii-mowx65uu, hours=1, threshold=2026-07-27T07:37:16.817636200+03:00
2026-07-27 08:37:16.818+03:00 INFO  [scheduling-1] c.e.s.service.MaintenanceTasks - Auto-close scheduler checked 0 active tickets and closed 0
2026-07-27 08:40:00.025+03:00 INFO  [scheduling-1] c.e.s.service.MaintenanceTasks - Auto-close default config selected: source=auto_close_config.active_template, templateId=auto-u97pii-mowx65uu, hours=1, threshold=2026-07-27T07:40:00.025115100+03:00
2026-07-27 08:40:00.027+03:00 INFO  [scheduling-1] c.e.s.service.MaintenanceTasks - Auto-close scheduler checked 0 active tickets and closed 0
2026-07-27 08:50:00.017+03:00 INFO  [scheduling-1] c.e.s.service.MaintenanceTasks - Auto-close default config selected: source=auto_close_config.active_template, templateId=auto-u97pii-mowx65uu, hours=1, threshold=2026-07-27T07:50:00.017080200+03:00
2026-07-27 08:50:00.018+03:00 INFO  [scheduling-1] c.e.s.service.MaintenanceTasks - Auto-close scheduler checked 0 active tickets and closed 0
2026-07-27 09:00:00.037+03:00 INFO  [scheduling-1] c.e.s.service.MaintenanceTasks - Auto-close default config selected: source=auto_close_config.active_template, templateId=auto-u97pii-mowx65uu, hours=1, threshold=2026-07-27T08:00:00.037905700+03:00
2026-07-27 09:00:00.065+03:00 INFO  [scheduling-1] c.e.s.service.MaintenanceTasks - Auto-close scheduler checked 0 active tickets and closed 0
2026-07-27 09:10:00.018+03:00 INFO  [scheduling-1] c.e.s.service.MaintenanceTasks - Auto-close default config selected: source=auto_close_config.active_template, templateId=auto-u97pii-mowx65uu, hours=1, threshold=2026-07-27T08:10:00.018720300+03:00
2026-07-27 09:10:00.022+03:00 INFO  [scheduling-1] c.e.s.service.MaintenanceTasks - Auto-close scheduler checked 0 active tickets and closed 0
2026-07-27 09:20:00.033+03:00 INFO  [scheduling-1] c.e.s.service.MaintenanceTasks - Auto-close default config selected: source=auto_close_config.active_template, templateId=auto-u97pii-mowx65uu, hours=1, threshold=2026-07-27T08:20:00.033161100+03:00
2026-07-27 09:20:00.034+03:00 INFO  [scheduling-1] c.e.s.service.MaintenanceTasks - Auto-close scheduler checked 0 active tickets and closed 0
2026-07-27 09:30:00.026+03:00 INFO  [scheduling-1] c.e.s.service.MaintenanceTasks - Auto-close default config selected: source=auto_close_config.active_template, templateId=auto-u97pii-mowx65uu, hours=1, threshold=2026-07-27T08:30:00.026143400+03:00
2026-07-27 09:30:00.027+03:00 INFO  [scheduling-1] c.e.s.service.MaintenanceTasks - Auto-close scheduler checked 0 active tickets and closed 0
2026-07-27 09:40:00.013+03:00 INFO  [scheduling-1] c.e.s.service.MaintenanceTasks - Auto-close default config selected: source=auto_close_config.active_template, templateId=auto-u97pii-mowx65uu, hours=1, threshold=2026-07-27T08:40:00.013704400+03:00
2026-07-27 09:40:00.016+03:00 INFO  [scheduling-1] c.e.s.service.MaintenanceTasks - Auto-close scheduler checked 0 active tickets and closed 0
2026-07-27 09:50:00.019+03:00 INFO  [scheduling-1] c.e.s.service.MaintenanceTasks - Auto-close default config selected: source=auto_close_config.active_template, templateId=auto-u97pii-mowx65uu, hours=1, threshold=2026-07-27T08:50:00.019210800+03:00
2026-07-27 09:50:00.020+03:00 INFO  [scheduling-1] c.e.s.service.MaintenanceTasks - Auto-close scheduler checked 0 active tickets and closed 0
2026-07-27 10:00:00.068+03:00 INFO  [scheduling-1] c.e.s.service.MaintenanceTasks - Auto-close default config selected: source=auto_close_config.active_template, templateId=auto-u97pii-mowx65uu, hours=1, threshold=2026-07-27T09:00:00.068450200+03:00
2026-07-27 10:00:00.070+03:00 INFO  [scheduling-1] c.e.s.service.MaintenanceTasks - Auto-close scheduler checked 0 active tickets and closed 0
2026-07-27 10:10:00.034+03:00 INFO  [scheduling-1] c.e.s.service.MaintenanceTasks - Auto-close default config selected: source=auto_close_config.active_template, templateId=auto-u97pii-mowx65uu, hours=1, threshold=2026-07-27T09:10:00.034869800+03:00
2026-07-27 10:10:00.035+03:00 INFO  [scheduling-1] c.e.s.service.MaintenanceTasks - Auto-close scheduler checked 0 active tickets and closed 0
2026-07-27 10:20:00.032+03:00 INFO  [scheduling-1] c.e.s.service.MaintenanceTasks - Auto-close default config selected: source=auto_close_config.active_template, templateId=auto-u97pii-mowx65uu, hours=1, threshold=2026-07-27T09:20:00.032572300+03:00
2026-07-27 10:20:00.034+03:00 INFO  [scheduling-1] c.e.s.service.MaintenanceTasks - Auto-close scheduler checked 0 active tickets and closed 0
2026-07-27 10:30:00.017+03:00 INFO  [scheduling-1] c.e.s.service.MaintenanceTasks - Auto-close default config selected: source=auto_close_config.active_template, templateId=auto-u97pii-mowx65uu, hours=1, threshold=2026-07-27T09:30:00.017064900+03:00
2026-07-27 10:30:00.019+03:00 INFO  [scheduling-1] c.e.s.service.MaintenanceTasks - Auto-close scheduler checked 0 active tickets and closed 0
2026-07-27 10:40:00.033+03:00 INFO  [scheduling-1] c.e.s.service.MaintenanceTasks - Auto-close default config selected: source=auto_close_config.active_template, templateId=auto-u97pii-mowx65uu, hours=1, threshold=2026-07-27T09:40:00.032937900+03:00
2026-07-27 10:40:00.035+03:00 INFO  [scheduling-1] c.e.s.service.MaintenanceTasks - Auto-close scheduler checked 0 active tickets and closed 0
2026-07-27 10:50:00.024+03:00 INFO  [scheduling-1] c.e.s.service.MaintenanceTasks - Auto-close default config selected: source=auto_close_config.active_template, templateId=auto-u97pii-mowx65uu, hours=1, threshold=2026-07-27T09:50:00.024399800+03:00
2026-07-27 10:50:00.025+03:00 INFO  [scheduling-1] c.e.s.service.MaintenanceTasks - Auto-close scheduler checked 0 active tickets and closed 0
2026-07-27 11:00:00.031+03:00 INFO  [scheduling-1] c.e.s.service.MaintenanceTasks - Auto-close default config selected: source=auto_close_config.active_template, templateId=auto-u97pii-mowx65uu, hours=1, threshold=2026-07-27T10:00:00.031515100+03:00
2026-07-27 11:00:00.032+03:00 INFO  [scheduling-1] c.e.s.service.MaintenanceTasks - Auto-close scheduler checked 0 active tickets and closed 0
2026-07-27 11:10:00.025+03:00 INFO  [scheduling-1] c.e.s.service.MaintenanceTasks - Auto-close default config selected: source=auto_close_config.active_template, templateId=auto-u97pii-mowx65uu, hours=1, threshold=2026-07-27T10:10:00.025266500+03:00
2026-07-27 11:10:00.026+03:00 INFO  [scheduling-1] c.e.s.service.MaintenanceTasks - Auto-close scheduler checked 0 active tickets and closed 0
2026-07-27 11:20:00.020+03:00 INFO  [scheduling-1] c.e.s.service.MaintenanceTasks - Auto-close default config selected: source=auto_close_config.active_template, templateId=auto-u97pii-mowx65uu, hours=1, threshold=2026-07-27T10:20:00.020336+03:00
2026-07-27 11:20:00.021+03:00 INFO  [scheduling-1] c.e.s.service.MaintenanceTasks - Auto-close scheduler checked 0 active tickets and closed 0
2026-07-27 11:30:00.021+03:00 INFO  [scheduling-1] c.e.s.service.MaintenanceTasks - Auto-close default config selected: source=auto_close_config.active_template, templateId=auto-u97pii-mowx65uu, hours=1, threshold=2026-07-27T10:30:00.020265+03:00
2026-07-27 11:30:00.021+03:00 INFO  [scheduling-1] c.e.s.service.MaintenanceTasks - Auto-close scheduler checked 0 active tickets and closed 0
2026-07-27 11:40:00.020+03:00 INFO  [scheduling-1] c.e.s.service.MaintenanceTasks - Auto-close default config selected: source=auto_close_config.active_template, templateId=auto-u97pii-mowx65uu, hours=1, threshold=2026-07-27T10:40:00.020888900+03:00
2026-07-27 11:40:00.021+03:00 INFO  [scheduling-1] c.e.s.service.MaintenanceTasks - Auto-close scheduler checked 0 active tickets and closed 0
2026-07-27 11:50:00.036+03:00 INFO  [scheduling-1] c.e.s.service.MaintenanceTasks - Auto-close default config selected: source=auto_close_config.active_template, templateId=auto-u97pii-mowx65uu, hours=1, threshold=2026-07-27T10:50:00.036974400+03:00
2026-07-27 11:50:00.038+03:00 INFO  [scheduling-1] c.e.s.service.MaintenanceTasks - Auto-close scheduler checked 0 active tickets and closed 0
2026-07-27 12:00:00.022+03:00 INFO  [scheduling-1] c.e.s.service.MaintenanceTasks - Auto-close default config selected: source=auto_close_config.active_template, templateId=auto-u97pii-mowx65uu, hours=1, threshold=2026-07-27T11:00:00.022952+03:00
2026-07-27 12:00:00.022+03:00 INFO  [scheduling-1] c.e.s.service.MaintenanceTasks - Auto-close scheduler checked 0 active tickets and closed 0
2026-07-27 12:10:00.024+03:00 INFO  [scheduling-1] c.e.s.service.MaintenanceTasks - Auto-close default config selected: source=auto_close_config.active_template, templateId=auto-u97pii-mowx65uu, hours=1, threshold=2026-07-27T11:10:00.024235+03:00
2026-07-27 12:10:00.025+03:00 INFO  [scheduling-1] c.e.s.service.MaintenanceTasks - Auto-close scheduler checked 0 active tickets and closed 0
2026-07-27 12:20:00.020+03:00 INFO  [scheduling-1] c.e.s.service.MaintenanceTasks - Auto-close default config selected: source=auto_close_config.active_template, templateId=auto-u97pii-mowx65uu, hours=1, threshold=2026-07-27T11:20:00.020569+03:00
2026-07-27 12:20:00.021+03:00 INFO  [scheduling-1] c.e.s.service.MaintenanceTasks - Auto-close scheduler checked 0 active tickets and closed 0
2026-07-27 12:30:00.021+03:00 INFO  [scheduling-1] c.e.s.service.MaintenanceTasks - Auto-close default config selected: source=auto_close_config.active_template, templateId=auto-u97pii-mowx65uu, hours=1, threshold=2026-07-27T11:30:00.021349+03:00
2026-07-27 12:30:00.022+03:00 INFO  [scheduling-1] c.e.s.service.MaintenanceTasks - Auto-close scheduler checked 0 active tickets and closed 0
2026-07-27 12:40:00.026+03:00 INFO  [scheduling-1] c.e.s.service.MaintenanceTasks - Auto-close default config selected: source=auto_close_config.active_template, templateId=auto-u97pii-mowx65uu, hours=1, threshold=2026-07-27T11:40:00.026962100+03:00
2026-07-27 12:40:00.029+03:00 INFO  [scheduling-1] c.e.s.service.MaintenanceTasks - Auto-close scheduler checked 0 active tickets and closed 0
2026-07-27 12:50:00.026+03:00 INFO  [scheduling-1] c.e.s.service.MaintenanceTasks - Auto-close default config selected: source=auto_close_config.active_template, templateId=auto-u97pii-mowx65uu, hours=1, threshold=2026-07-27T11:50:00.026755200+03:00
2026-07-27 12:50:00.028+03:00 INFO  [scheduling-1] c.e.s.service.MaintenanceTasks - Auto-close scheduler checked 0 active tickets and closed 0
2026-07-27 13:00:00.026+03:00 INFO  [scheduling-1] c.e.s.service.MaintenanceTasks - Auto-close default config selected: source=auto_close_config.active_template, templateId=auto-u97pii-mowx65uu, hours=1, threshold=2026-07-27T12:00:00.025430900+03:00
2026-07-27 13:00:00.026+03:00 INFO  [scheduling-1] c.e.s.service.MaintenanceTasks - Auto-close scheduler checked 0 active tickets and closed 0
2026-07-27 13:10:00.015+03:00 INFO  [scheduling-1] c.e.s.service.MaintenanceTasks - Auto-close default config selected: source=auto_close_config.active_template, templateId=auto-u97pii-mowx65uu, hours=1, threshold=2026-07-27T12:10:00.015461300+03:00
2026-07-27 13:10:00.016+03:00 INFO  [scheduling-1] c.e.s.service.MaintenanceTasks - Auto-close scheduler checked 0 active tickets and closed 0
2026-07-27 13:20:00.024+03:00 INFO  [scheduling-1] c.e.s.service.MaintenanceTasks - Auto-close default config selected: source=auto_close_config.active_template, templateId=auto-u97pii-mowx65uu, hours=1, threshold=2026-07-27T12:20:00.024131200+03:00
2026-07-27 13:20:00.026+03:00 INFO  [scheduling-1] c.e.s.service.MaintenanceTasks - Auto-close scheduler checked 0 active tickets and closed 0
2026-07-27 13:30:00.033+03:00 INFO  [scheduling-1] c.e.s.service.MaintenanceTasks - Auto-close default config selected: source=auto_close_config.active_template, templateId=auto-u97pii-mowx65uu, hours=1, threshold=2026-07-27T12:30:00.033854400+03:00
2026-07-27 13:30:00.033+03:00 INFO  [scheduling-1] c.e.s.service.MaintenanceTasks - Auto-close scheduler checked 0 active tickets and closed 0
2026-07-27 13:40:00.023+03:00 INFO  [scheduling-1] c.e.s.service.MaintenanceTasks - Auto-close default config selected: source=auto_close_config.active_template, templateId=auto-u97pii-mowx65uu, hours=1, threshold=2026-07-27T12:40:00.023516200+03:00
2026-07-27 13:40:00.024+03:00 INFO  [scheduling-1] c.e.s.service.MaintenanceTasks - Auto-close scheduler checked 0 active tickets and closed 0
2026-07-27 13:50:00.031+03:00 INFO  [scheduling-1] c.e.s.service.MaintenanceTasks - Auto-close default config selected: source=auto_close_config.active_template, templateId=auto-u97pii-mowx65uu, hours=1, threshold=2026-07-27T12:50:00.031112600+03:00
2026-07-27 13:50:00.033+03:00 INFO  [scheduling-1] c.e.s.service.MaintenanceTasks - Auto-close scheduler checked 0 active tickets and closed 0
2026-07-27 14:00:00.036+03:00 INFO  [scheduling-1] c.e.s.service.MaintenanceTasks - Auto-close default config selected: source=auto_close_config.active_template, templateId=auto-u97pii-mowx65uu, hours=1, threshold=2026-07-27T13:00:00.036545300+03:00
2026-07-27 14:00:00.037+03:00 INFO  [scheduling-1] c.e.s.service.MaintenanceTasks - Auto-close scheduler checked 0 active tickets and closed 0
2026-07-27 14:10:00.024+03:00 INFO  [scheduling-1] c.e.s.service.MaintenanceTasks - Auto-close default config selected: source=auto_close_config.active_template, templateId=auto-u97pii-mowx65uu, hours=1, threshold=2026-07-27T13:10:00.024811600+03:00
2026-07-27 14:10:00.025+03:00 INFO  [scheduling-1] c.e.s.service.MaintenanceTasks - Auto-close scheduler checked 0 active tickets and closed 0
2026-07-27 14:20:00.024+03:00 INFO  [scheduling-1] c.e.s.service.MaintenanceTasks - Auto-close default config selected: source=auto_close_config.active_template, templateId=auto-u97pii-mowx65uu, hours=1, threshold=2026-07-27T13:20:00.024548800+03:00
2026-07-27 14:20:00.025+03:00 INFO  [scheduling-1] c.e.s.service.MaintenanceTasks - Auto-close scheduler checked 0 active tickets and closed 0
2026-07-27 14:30:00.028+03:00 INFO  [scheduling-1] c.e.s.service.MaintenanceTasks - Auto-close default config selected: source=auto_close_config.active_template, templateId=auto-u97pii-mowx65uu, hours=1, threshold=2026-07-27T13:30:00.028377+03:00
2026-07-27 14:30:00.029+03:00 INFO  [scheduling-1] c.e.s.service.MaintenanceTasks - Auto-close scheduler checked 0 active tickets and closed 0
2026-07-27 14:40:00.023+03:00 INFO  [scheduling-1] c.e.s.service.MaintenanceTasks - Auto-close default config selected: source=auto_close_config.active_template, templateId=auto-u97pii-mowx65uu, hours=1, threshold=2026-07-27T13:40:00.023635100+03:00
2026-07-27 14:40:00.024+03:00 INFO  [scheduling-1] c.e.s.service.MaintenanceTasks - Auto-close scheduler checked 0 active tickets and closed 0
2026-07-27 14:50:00.017+03:00 INFO  [scheduling-1] c.e.s.service.MaintenanceTasks - Auto-close default config selected: source=auto_close_config.active_template, templateId=auto-u97pii-mowx65uu, hours=1, threshold=2026-07-27T13:50:00.017460+03:00
2026-07-27 14:50:00.018+03:00 INFO  [scheduling-1] c.e.s.service.MaintenanceTasks - Auto-close scheduler checked 0 active tickets and closed 0
2026-07-27 15:00:00.014+03:00 INFO  [scheduling-1] c.e.s.service.MaintenanceTasks - Auto-close default config selected: source=auto_close_config.active_template, templateId=auto-u97pii-mowx65uu, hours=1, threshold=2026-07-27T14:00:00.014463800+03:00
2026-07-27 15:00:00.014+03:00 INFO  [scheduling-1] c.e.s.service.MaintenanceTasks - Auto-close scheduler checked 0 active tickets and closed 0
2026-07-27 15:10:00.027+03:00 INFO  [scheduling-1] c.e.s.service.MaintenanceTasks - Auto-close default config selected: source=auto_close_config.active_template, templateId=auto-u97pii-mowx65uu, hours=1, threshold=2026-07-27T14:10:00.027646100+03:00
2026-07-27 15:10:00.028+03:00 INFO  [scheduling-1] c.e.s.service.MaintenanceTasks - Auto-close scheduler checked 0 active tickets and closed 0
2026-07-27 15:20:00.033+03:00 INFO  [scheduling-1] c.e.s.service.MaintenanceTasks - Auto-close default config selected: source=auto_close_config.active_template, templateId=auto-u97pii-mowx65uu, hours=1, threshold=2026-07-27T14:20:00.033225600+03:00
2026-07-27 15:20:00.033+03:00 INFO  [scheduling-1] c.e.s.service.MaintenanceTasks - Auto-close scheduler checked 0 active tickets and closed 0
2026-07-27 15:30:00.014+03:00 INFO  [scheduling-1] c.e.s.service.MaintenanceTasks - Auto-close default config selected: source=auto_close_config.active_template, templateId=auto-u97pii-mowx65uu, hours=1, threshold=2026-07-27T14:30:00.014670400+03:00
2026-07-27 15:30:00.016+03:00 INFO  [scheduling-1] c.e.s.service.MaintenanceTasks - Auto-close scheduler checked 0 active tickets and closed 0
2026-07-27 15:40:00.022+03:00 INFO  [scheduling-1] c.e.s.service.MaintenanceTasks - Auto-close default config selected: source=auto_close_config.active_template, templateId=auto-u97pii-mowx65uu, hours=1, threshold=2026-07-27T14:40:00.022860+03:00
2026-07-27 15:40:00.023+03:00 INFO  [scheduling-1] c.e.s.service.MaintenanceTasks - Auto-close scheduler checked 0 active tickets and closed 0
2026-07-27 15:50:00.045+03:00 INFO  [scheduling-1] c.e.s.service.MaintenanceTasks - Auto-close default config selected: source=auto_close_config.active_template, templateId=auto-u97pii-mowx65uu, hours=1, threshold=2026-07-27T14:50:00.045688800+03:00
2026-07-27 15:50:00.048+03:00 INFO  [scheduling-1] c.e.s.service.MaintenanceTasks - Auto-close scheduler checked 0 active tickets and closed 0
2026-07-27 16:00:00.012+03:00 INFO  [scheduling-1] c.e.s.service.MaintenanceTasks - Auto-close default config selected: source=auto_close_config.active_template, templateId=auto-u97pii-mowx65uu, hours=1, threshold=2026-07-27T15:00:00.012429800+03:00
2026-07-27 16:00:00.013+03:00 INFO  [scheduling-1] c.e.s.service.MaintenanceTasks - Auto-close scheduler checked 0 active tickets and closed 0
2026-07-27 16:10:00.019+03:00 INFO  [scheduling-1] c.e.s.service.MaintenanceTasks - Auto-close default config selected: source=auto_close_config.active_template, templateId=auto-u97pii-mowx65uu, hours=1, threshold=2026-07-27T15:10:00.019583400+03:00
2026-07-27 16:10:00.020+03:00 INFO  [scheduling-1] c.e.s.service.MaintenanceTasks - Auto-close scheduler checked 0 active tickets and closed 0
2026-07-27 16:20:00.022+03:00 INFO  [scheduling-1] c.e.s.service.MaintenanceTasks - Auto-close default config selected: source=auto_close_config.active_template, templateId=auto-u97pii-mowx65uu, hours=1, threshold=2026-07-27T15:20:00.022797+03:00
2026-07-27 16:20:00.023+03:00 INFO  [scheduling-1] c.e.s.service.MaintenanceTasks - Auto-close scheduler checked 0 active tickets and closed 0
2026-07-27 16:30:00.025+03:00 INFO  [scheduling-1] c.e.s.service.MaintenanceTasks - Auto-close default config selected: source=auto_close_config.active_template, templateId=auto-u97pii-mowx65uu, hours=1, threshold=2026-07-27T15:30:00.025258300+03:00
2026-07-27 16:30:00.026+03:00 INFO  [scheduling-1] c.e.s.service.MaintenanceTasks - Auto-close scheduler checked 0 active tickets and closed 0
2026-07-27 16:40:00.011+03:00 INFO  [scheduling-1] c.e.s.service.MaintenanceTasks - Auto-close default config selected: source=auto_close_config.active_template, templateId=auto-u97pii-mowx65uu, hours=1, threshold=2026-07-27T15:40:00.011589200+03:00
2026-07-27 16:40:00.013+03:00 INFO  [scheduling-1] c.e.s.service.MaintenanceTasks - Auto-close scheduler checked 0 active tickets and closed 0
2026-07-27 16:50:00.023+03:00 INFO  [scheduling-1] c.e.s.service.MaintenanceTasks - Auto-close default config selected: source=auto_close_config.active_template, templateId=auto-u97pii-mowx65uu, hours=1, threshold=2026-07-27T15:50:00.023094400+03:00
2026-07-27 16:50:00.026+03:00 INFO  [scheduling-1] c.e.s.service.MaintenanceTasks - Auto-close scheduler checked 0 active tickets and closed 0
2026-07-27 17:00:00.019+03:00 INFO  [scheduling-1] c.e.s.service.MaintenanceTasks - Auto-close default config selected: source=auto_close_config.active_template, templateId=auto-u97pii-mowx65uu, hours=1, threshold=2026-07-27T16:00:00.019881900+03:00
2026-07-27 17:00:00.022+03:00 INFO  [scheduling-1] c.e.s.service.MaintenanceTasks - Auto-close scheduler checked 0 active tickets and closed 0
